// Jest Snapshot v1, https://goo.gl/fbAQLP

exports[`renders correctly 1`] = `
<div
  className="row align-items-center g-lg-5 py-5 col-md-10 mx-auto col-lg-5"
>
  <form
    className="pform-signin login"
    onSubmit={[Function]}
  >
    <div
      className="form-floating"
    >
      <input
        className="form-control"
        id="UserNameInput"
        name="name"
        required={true}
        type="text"
      />
      <label
        htmlFor="UserNameInput"
      >
        User Name
      </label>
    </div>
    <div
      className="form-floating"
    >
      <input
        className="form-control"
        id="passwordInput"
        name="password"
        required={true}
        type="text"
      />
      <label
        htmlFor="passwordInput"
      >
        Password
      </label>
    </div>
    <button
      className="w-100 btn btn-lg btn-primary"
      type="submit"
    >
      Log In
    </button>
  </form>
</div>
`;
