// Jest Snapshot v1, https://goo.gl/fbAQLP

exports[`renders correctly 1`] = `
<div
  className="navigation"
>
  <nav
    className="navbar navbar-expand navbar-dark bg-dark"
  >
    <div
      className="container"
    >
      <div>
        <ul
          className="navbar-nav ml-auto"
        >
          <li
            className="nav-item"
          />
          <li
            className="nav-item"
          />
          <li
            className="nav-item"
          />
          <li
            className="nav-item"
          />
        </ul>
      </div>
    </div>
  </nav>
</div>
`;
